
> refurbished-pc-studio@0.1.0 build
> next build --webpack

Ôû▓ Next.js 16.1.6 (webpack)
- Environments: .env.local, .env
- Experiments (use with caution):
  ┬À optimizePackageImports

  Creating an optimized production build ...
Ô£ô Compiled successfully in 27.7s
  Running TypeScript ...
  Collecting page data using 7 workers ...
Ôùç injected env (0) from .env // tip: Ôùê secrets for agents [www.dotenvx.com]
Ôùç injected env (0) from .env.local // tip: Ôîÿ custom filepath { path: '/custom/path/.env' }
Ôùç injected env (0) from .env // tip: Ôîÿ suppress logs { quiet: true }
Ôùç injected env (0) from .env // tip: Ôîü auth for agents [www.vestauth.com]
Ôùç injected env (0) from .env.local // tip: Ôîü auth for agents [www.vestauth.com]
Ôùç injected env (0) from .env // tip: Ôùê secrets for agents [www.dotenvx.com]
Ôùç injected env (0) from .env.local // tip: Ôùê secrets for agents [www.dotenvx.com]
Ôùç injected env (0) from .env // tip: Ôîÿ custom filepath { path: '/custom/path/.env' }
Ôùç injected env (0) from .env // tip: Ôîÿ custom filepath { path: '/custom/path/.env' }
Ôùç injected env (0) from .env.local // tip: Ôîÿ custom filepath { path: '/custom/path/.env' }
Ôùç injected env (0) from .env.local // tip: Ôîü auth for agents [www.vestauth.com]
Ôùç injected env (0) from .env // tip: Ôùê encrypted .env [www.dotenvx.com]
Ôùç injected env (0) from .env.local // tip: Ôùê encrypted .env [www.dotenvx.com]
Ôùç injected env (0) from .env.local // tip: Ôùê encrypted .env [www.dotenvx.com]
Ôùç injected env (0) from .env // tip: Ôîÿ custom filepath { path: '/custom/path/.env' }
Ôùç injected env (0) from .env.local // tip: Ôîü auth for agents [www.vestauth.com]
Media cleanup scheduler initialized
Ôùç injected env (0) from .env // tip: Ôùê secrets for agents [www.dotenvx.com]
Ôùç injected env (0) from .env.local // tip: Ôîÿ suppress logs { quiet: true }
Ôùç injected env (0) from .env // tip: Ôùê encrypted .env [www.dotenvx.com]
Ôùç injected env (0) from .env.local // tip: Ôùê encrypted .env [www.dotenvx.com]
Ôùç injected env (0) from .env // tip: Ôùê encrypted .env [www.dotenvx.com]
Ôùç injected env (0) from .env.local // tip: Ôùê secrets for agents [www.dotenvx.com]
Ôùç injected env (0) from .env // tip: Ôîü auth for agents [www.vestauth.com]
Ôùç injected env (0) from .env // tip: Ôùê encrypted .env [www.dotenvx.com]
Ôùç injected env (0) from .env.local // tip: Ôîÿ enable debugging { debug: true }
Ôùç injected env (0) from .env.local // tip: Ôîÿ override existing { override: true }
Ôùç injected env (0) from .env // tip: Ôîÿ override existing { override: true }
Ôùç injected env (0) from .env.local // tip: Ôîÿ override existing { override: true }
Media cleanup scheduler initialized
Media cleanup scheduler initialized
Media cleanup scheduler initialized
  Generating static pages using 7 workers (0/159) ...
Media cleanup scheduler initialized
  Generating static pages using 7 workers (39/159) 
  Generating static pages using 7 workers (79/159) 
  Generating static pages using 7 workers (119/159) 
Ô£ô Generating static pages using 7 workers (159/159) in 15.0s
  Finalizing page optimization ...
  Collecting build traces ...

Route (app)
Ôöî Ôùï /
Ôö£ Ôùï /_not-found
Ôö£ Ôùï /admin
Ôö£ Ôùï /admin/ads
Ôö£ ãÆ /admin/ads/[id]
Ôö£ Ôùï /admin/ads/create
Ôö£ Ôùï /admin/ads/report
Ôö£ Ôùï /admin/billing/invoices
Ôö£ Ôùï /admin/call-recordings
Ôö£ Ôùï /admin/campaigns
Ôö£ ãÆ /admin/campaigns/[id]
Ôö£ Ôùï /admin/campaigns/create
Ôö£ Ôùï /admin/categories
Ôö£ Ôùï /admin/consumer-chats
Ôö£ Ôùï /admin/content
Ôö£ Ôùï /admin/coupons
Ôö£ Ôùï /admin/credentials
Ôö£ Ôùï /admin/homepage-sections
Ôö£ Ôùï /admin/live-chat
Ôö£ Ôùï /admin/login
Ôö£ Ôùï /admin/market
Ôö£ Ôùï /admin/media
Ôö£ Ôùï /admin/media-clusters
Ôö£ ãÆ /admin/media/recycle-bin
Ôö£ Ôùï /admin/media/upload
Ôö£ Ôùï /admin/media/upload/stream
Ôö£ Ôùï /admin/notifications
Ôö£ Ôùï /admin/orders
Ôö£ Ôùï /admin/premium-cards
Ôö£ Ôùï /admin/products
Ôö£ Ôùï /admin/providers
Ôö£ ãÆ /admin/providers/[id]
Ôö£ Ôùï /admin/providers/audit
Ôö£ Ôùï /admin/providers/create
Ôö£ Ôùï /admin/register
Ôö£ Ôùï /admin/reviews
Ôö£ Ôùï /admin/secret-keys
Ôö£ Ôùï /admin/settings
Ôö£ Ôùï /admin/shipments
Ôö£ Ôùï /admin/sponsors
Ôö£ Ôùï /admin/sponsors/create
Ôö£ Ôùï /admin/support-tickets
Ôö£ Ôùï /admin/theme
Ôö£ Ôùï /admin/users
Ôö£ Ôùï /admin/wishlists
Ôö£ Ôùï /admin/zones
Ôö£ ãÆ /admin/zones/[id]
Ôö£ Ôùï /admin/zones/create
Ôö£ ãÆ /api/admin/ads
Ôö£ ãÆ /api/admin/ads/[id]
Ôö£ ãÆ /api/admin/ads/[id]/duplicate
Ôö£ ãÆ /api/admin/ads/analytics
Ôö£ ãÆ /api/admin/ads/bulk
Ôö£ ãÆ /api/admin/ads/report
Ôö£ ãÆ /api/admin/ads/stats
Ôö£ ãÆ /api/admin/billing/invoices
Ôö£ ãÆ /api/admin/billing/invoices/[id]/mark-paid
Ôö£ ãÆ /api/admin/billing/invoices/[id]/pay-link
Ôö£ ãÆ /api/admin/campaigns
Ôö£ ãÆ /api/admin/campaigns/[id]
Ôö£ ãÆ /api/admin/campaigns/[id]/duplicate
Ôö£ ãÆ /api/admin/campaigns/bulk
Ôö£ ãÆ /api/admin/change-email
Ôö£ ãÆ /api/admin/change-password
Ôö£ ãÆ /api/admin/generate-referral-codes
Ôö£ ãÆ /api/admin/media-clusters
Ôö£ ãÆ /api/admin/media-clusters/test-write
Ôö£ ãÆ /api/admin/providers
Ôö£ ãÆ /api/admin/providers/[id]
Ôö£ ãÆ /api/admin/providers/[id]/duplicate
Ôö£ ãÆ /api/admin/providers/audit
Ôö£ ãÆ /api/admin/providers/bulk
Ôö£ ãÆ /api/admin/secret-keys
Ôö£ ãÆ /api/admin/sponsors
Ôö£ ãÆ /api/admin/sponsors/[id]
Ôö£ ãÆ /api/admin/stats
Ôö£ ãÆ /api/admin/wishlists
Ôö£ ãÆ /api/admin/zones
Ôö£ ãÆ /api/admin/zones/[id]
Ôö£ ãÆ /api/admin/zones/[id]/duplicate
Ôö£ ãÆ /api/admin/zones/bulk
Ôö£ ãÆ /api/ads
Ôö£ ãÆ /api/ads/click
Ôö£ ãÆ /api/ads/impression
Ôö£ ãÆ /api/auth/[...nextauth]
Ôö£ ãÆ /api/auth/check-admin
Ôö£ ãÆ /api/auth/reset-password
Ôö£ ãÆ /api/auth/verify-admin
Ôö£ ãÆ /api/auth/verify-password
Ôö£ ãÆ /api/business-settings
Ôö£ ãÆ /api/business-settings/reset
Ôö£ ãÆ /api/business-settings/theme
Ôö£ ãÆ /api/call-sessions/[chatId]
Ôö£ ãÆ /api/categories
Ôö£ ãÆ /api/categories/manage
Ôö£ ãÆ /api/chat-settings
Ôö£ ãÆ /api/chats
Ôö£ ãÆ /api/chats/[chatId]
Ôö£ ãÆ /api/chats/[chatId]/messages
Ôö£ ãÆ /api/consumer-chats
Ôö£ ãÆ /api/consumer-chats/[chatId]
Ôö£ ãÆ /api/consumer-chats/[chatId]/messages
Ôö£ ãÆ /api/consumer-chats/search
Ôö£ ãÆ /api/consumer-chats/voice-call
Ôö£ ãÆ /api/content
Ôö£ ãÆ /api/content/[key]
Ôö£ ãÆ /api/coupons
Ôö£ ãÆ /api/coupons/validate
Ôö£ ãÆ /api/couriers
Ôö£ ãÆ /api/create-order
Ôö£ ãÆ /api/devices/register
Ôö£ ãÆ /api/forgot-password
Ôö£ ãÆ /api/homepage-sections
Ôö£ ãÆ /api/homepage-sections/manage
Ôö£ ãÆ /api/invoice
Ôö£ ãÆ /api/media/cleanup
Ôö£ ãÆ /api/media/delete
Ôö£ ãÆ /api/media/permanent
Ôö£ ãÆ /api/media/recycle-bin
Ôö£ ãÆ /api/media/recycle-bin/recover
Ôö£ ãÆ /api/media/upload
Ôö£ ãÆ /api/notifications
Ôö£ ãÆ /api/orders
Ôö£ ãÆ /api/orders/[id]
Ôö£ ãÆ /api/orders/[id]/send-to-delivery
Ôö£ ãÆ /api/orders/cleanup
Ôö£ ãÆ /api/otp/forgot-password
Ôö£ ãÆ /api/otp/mobile
Ôö£ ãÆ /api/otp/order
Ôö£ ãÆ /api/otp/register
Ôö£ ãÆ /api/payments/create
Ôö£ ãÆ /api/payments/create-order
Ôö£ ãÆ /api/payments/webhook
Ôö£ ãÆ /api/ping
Ôö£ ãÆ /api/premium-cards/banner-settings
Ôö£ ãÆ /api/premium-cards/cards
Ôö£ ãÆ /api/premium-cards/cards/[id]
Ôö£ ãÆ /api/premium-cards/categories
Ôö£ ãÆ /api/premium-cards/categories/[id]
Ôö£ ãÆ /api/premium-cards/module-settings
Ôö£ ãÆ /api/premium-cards/orders
Ôö£ ãÆ /api/premium-cards/orders/[id]
Ôö£ ãÆ /api/premium-cards/orders/me
Ôö£ ãÆ /api/premium-cards/payment-settings
Ôö£ ãÆ /api/premium-cards/theme
Ôö£ ãÆ /api/products
Ôö£ ãÆ /api/products/[id]
Ôö£ ãÆ /api/products/[id]/bids
Ôö£ ãÆ /api/products/[id]/offers
Ôö£ ãÆ /api/push/vapid
Ôö£ ãÆ /api/register
Ôö£ ãÆ /api/reviews
Ôö£ ãÆ /api/shipments
Ôö£ ãÆ /api/storage-status
Ôö£ ãÆ /api/support-tickets
Ôö£ ãÆ /api/support-tickets/[id]
Ôö£ ãÆ /api/support-tickets/[id]/messages
Ôö£ ãÆ /api/telegram-webhook
Ôö£ ãÆ /api/test-delhivery
Ôö£ ãÆ /api/upload
Ôö£ ãÆ /api/upload/list
Ôö£ ãÆ /api/user/consumer-chat-mode
Ôö£ ãÆ /api/user/coupons
Ôö£ ãÆ /api/user/market-activity
Ôö£ ãÆ /api/user/notification-preferences
Ôö£ ãÆ /api/user/online-status
Ôö£ ãÆ /api/user/profile
Ôö£ ãÆ /api/users
Ôö£ ãÆ /api/users/[id]
Ôö£ ãÆ /api/users/[id]/password
Ôö£ ãÆ /api/verify-payment
Ôö£ ãÆ /api/wishlist
Ôö£ Ôùï /cart
Ôö£ Ôùï /coupons
Ôö£ Ôùï /forgot-password
Ôö£ Ôùï /login
Ôö£ Ôùï /notifications
Ôö£ Ôùï /order-success
Ôö£ Ôùï /orders
Ôö£ Ôùï /payment-redirect
Ôö£ Ôùï /payment-return
Ôö£ Ôùï /premium-cards
Ôö£ Ôùï /privacy
Ôö£ ãÆ /product/[id]
Ôö£ Ôùï /profile
Ôö£ ãÆ /profile/chat/[chatId]
Ôö£ Ôùï /referral
Ôö£ Ôùï /register
Ôö£ Ôùï /support-tickets
Ôö£ Ôùï /terms
Ôö£ Ôùï /test-delhivery
Ôöö Ôùï /wishlist

Route (pages)
Ôöî ãÆ /api/media/uploadMultipart
Ôöö Ôùï /invoice-demo (5287 ms)

ãÆ Proxy (Middleware)

Ôùï  (Static)   prerendered as static content
ãÆ  (Dynamic)  server-rendered on demand

